┌────────────────────────────────────────────────────────────────────┐
│   Laboratorio de Histo y Citopatología                             │
│           Dr. Enrique C. Muñoa          ┌──────────────────────────┤
│   Roca 279∙(8324) Cipolletti∙Río Negro  │                          │
├───────── Teléfono: (0943) 74373 ────────┘    Protocolo N° 99999    │
│                                                                    │
│Paciente: MARIA ALEGRIA                       Edad: 99              │
│                                                                    │
│Solicitado por Dr. COZME FULANITO             O. Social: OSPECA     │
└────────────────────────────────────────────────────────────────────┘
Material Remitido: Se recibe un huevada.

                        INFORME DE COLPOCITOLOGIA
                        =========================

DESCRIPCION CITOLOGICA:
        Extendido trófico con células re loquitas superficiales e
intermedias. Abundantes cositas feas. Flora bacteriana de tipo nada.
Moderado proceso inflamatorio. Presencia de duendes mágicos verdes.
Muy aisladas células celulosas.

DIAGNOSTICO ONCOLOGICO: CLASE X-MEN

Aconsejamos repetir el estudio luego del tratamiento específico.


                                              Dr. Enrique C. Muñoa
                                             Médico Anatomopatólogo
 Cipolletti, 29 de abril de 1993.           M.R.N. 1045  M.Nqn. 1098

